../Core/Src/main.c:87:5:_write	4
../Core/Src/main.c:100:13:HAL_TIM_PeriodElapsedCallback	2
../Core/Src/main.c:107:6:do_dac	3
../Core/Src/main.c:117:13:HAL_DAC_ConvCpltCallbackCh1	1
../Core/Src/main.c:122:13:HAL_DAC_ConvHalfCpltCallbackCh1	1
../Core/Src/main.c:133:5:main	2
../Core/Src/main.c:194:6:SystemClock_Config	3
../Core/Src/main.c:236:13:MX_DAC_Init	3
../Core/Src/main.c:276:13:MX_TIM6_Init	3
../Core/Src/main.c:314:13:MX_USART3_UART_Init	2
../Core/Src/main.c:347:13:MX_DMA_Init	1
../Core/Src/main.c:365:13:MX_GPIO_Init	1
../Core/Src/main.c:387:6:MPU_Config	1
../Core/Src/main.c:418:6:Error_Handler	1
