../Core/Src/main.c:79:5:_write	4
../Core/Src/main.c:92:6:HAL_TIM_PeriodElapsedCallback	2
../Core/Src/main.c:99:6:flash_led	2
../Core/Src/main.c:108:6:process_character	3
../Core/Src/main.c:124:6:HAL_UARTEx_RxEventCallback	4
../Core/Src/main.c:143:6:HAL_UART_ErrorCallback	5
../Core/Src/main.c:170:5:main	6
../Core/Src/main.c:250:6:SystemClock_Config	3
../Core/Src/main.c:292:13:MX_TIM6_Init	3
../Core/Src/main.c:330:13:MX_UART4_Init	2
../Core/Src/main.c:365:13:MX_USART3_UART_Init	2
../Core/Src/main.c:398:13:MX_DMA_Init	1
../Core/Src/main.c:416:13:MX_GPIO_Init	1
../Core/Src/main.c:451:6:MPU_Config	1
../Core/Src/main.c:482:6:Error_Handler	1
